 
 gcc -g p1final.c
 ./a.out
enter value99
enter value99
sum of two numbers 99 + 99 = 198 
 gdb a.out
GNU gdb (Ubuntu 8.1.1-0ubuntu1) 8.1.1
Copyright (C) 2018 Free Software Foundation, Inc.
License GPLv3+: GNU GPL version 3 or later <http://gnu.org/licenses/gpl.html>
This is free software: you are free to change and redistribute it.
There is NO WARRANTY, to the extent permitted by law.  Type "show copying"
and "show warranty" for details.
This GDB was configured as "x86_64-linux-gnu".
Type "show configuration" for configuration details.
For bug reporting instructions, please see:
<http://www.gnu.org/software/gdb/bugs/>.
Find the GDB manual and other documentation resources online at:
<http://www.gnu.org/software/gdb/documentation/>.
For help, type "help".
Type "apropos word" to search for commands related to "word"...
Reading symbols from a.out...done.
(gdb) break main
Breakpoint 1 at 0x7cf: file p1final.c, line 18.
(gdb) r
Starting program: /home/runner/pps-IA1-practice/a.out 
warning: Error disabling address space randomization: Operation not permitted

Breakpoint 1, main () at p1final.c:18
18  {
(gdb) n
20    a=input();
(gdb) n
enter value9
21    b=input();
(gdb) n
enter value9
22    result=add(a,b,&sum);
(gdb) n
23    output(a,b,result);
(gdb) n
24    return 0;
(gdb) n
25  }(gdb) c
Continuing.
sum of two numbers 9 + 9 = 18[Inferior 1 (process 240) exited normally]
(gdb) Quit
(gdb) 